Archive member included to satisfy reference by file (symbol)

C:/ST/STM32CubeIDE_1.16.1/STM32CubeIDE/plugins/com.st.stm32cube.ide.mcu.externaltools.gnu-tools-for-stm32.12.3.rel1.win32_1.0.200.202406191623/tools/bin/../lib/gcc/arm-none-eabi/12.3.1/../../../../arm-none-eabi/lib/thumb/v7-m/nofp\libc_nano.a(libc_a-exit.o)
                              C:/ST/STM32CubeIDE_1.16.1/STM32CubeIDE/plugins/com.st.stm32cube.ide.mcu.externaltools.gnu-tools-for-stm32.12.3.rel1.win32_1.0.200.202406191623/tools/bin/../lib/gcc/arm-none-eabi/12.3.1/../../../../arm-none-eabi/lib/thumb/v7-m/nofp/crt0.o (exit)
C:/ST/STM32CubeIDE_1.16.1/STM32CubeIDE/plugins/com.st.stm32cube.ide.mcu.externaltools.gnu-tools-for-stm32.12.3.rel1.win32_1.0.200.202406191623/tools/bin/../lib/gcc/arm-none-eabi/12.3.1/../../../../arm-none-eabi/lib/thumb/v7-m/nofp\libc_nano.a(libc_a-findfp.o)
                              C:/ST/STM32CubeIDE_1.16.1/STM32CubeIDE/plugins/com.st.stm32cube.ide.mcu.externaltools.gnu-tools-for-stm32.12.3.rel1.win32_1.0.200.202406191623/tools/bin/../lib/gcc/arm-none-eabi/12.3.1/../../../../arm-none-eabi/lib/thumb/v7-m/nofp\libc_nano.a(libc_a-exit.o) (__stdio_exit_handler)
C:/ST/STM32CubeIDE_1.16.1/STM32CubeIDE/plugins/com.st.stm32cube.ide.mcu.externaltools.gnu-tools-for-stm32.12.3.rel1.win32_1.0.200.202406191623/tools/bin/../lib/gcc/arm-none-eabi/12.3.1/../../../../arm-none-eabi/lib/thumb/v7-m/nofp\libc_nano.a(libc_a-fwalk.o)
                              C:/ST/STM32CubeIDE_1.16.1/STM32CubeIDE/plugins/com.st.stm32cube.ide.mcu.externaltools.gnu-tools-for-stm32.12.3.rel1.win32_1.0.200.202406191623/tools/bin/../lib/gcc/arm-none-eabi/12.3.1/../../../../arm-none-eabi/lib/thumb/v7-m/nofp\libc_nano.a(libc_a-findfp.o) (_fwalk_sglue)
C:/ST/STM32CubeIDE_1.16.1/STM32CubeIDE/plugins/com.st.stm32cube.ide.mcu.externaltools.gnu-tools-for-stm32.12.3.rel1.win32_1.0.200.202406191623/tools/bin/../lib/gcc/arm-none-eabi/12.3.1/../../../../arm-none-eabi/lib/thumb/v7-m/nofp\libc_nano.a(libc_a-stdio.o)
                              C:/ST/STM32CubeIDE_1.16.1/STM32CubeIDE/plugins/com.st.stm32cube.ide.mcu.externaltools.gnu-tools-for-stm32.12.3.rel1.win32_1.0.200.202406191623/tools/bin/../lib/gcc/arm-none-eabi/12.3.1/../../../../arm-none-eabi/lib/thumb/v7-m/nofp\libc_nano.a(libc_a-findfp.o) (__sread)
C:/ST/STM32CubeIDE_1.16.1/STM32CubeIDE/plugins/com.st.stm32cube.ide.mcu.externaltools.gnu-tools-for-stm32.12.3.rel1.win32_1.0.200.202406191623/tools/bin/../lib/gcc/arm-none-eabi/12.3.1/../../../../arm-none-eabi/lib/thumb/v7-m/nofp\libc_nano.a(libc_a-memset.o)
                              C:/ST/STM32CubeIDE_1.16.1/STM32CubeIDE/plugins/com.st.stm32cube.ide.mcu.externaltools.gnu-tools-for-stm32.12.3.rel1.win32_1.0.200.202406191623/tools/bin/../lib/gcc/arm-none-eabi/12.3.1/../../../../arm-none-eabi/lib/thumb/v7-m/nofp/crt0.o (memset)
C:/ST/STM32CubeIDE_1.16.1/STM32CubeIDE/plugins/com.st.stm32cube.ide.mcu.externaltools.gnu-tools-for-stm32.12.3.rel1.win32_1.0.200.202406191623/tools/bin/../lib/gcc/arm-none-eabi/12.3.1/../../../../arm-none-eabi/lib/thumb/v7-m/nofp\libc_nano.a(libc_a-closer.o)
                              C:/ST/STM32CubeIDE_1.16.1/STM32CubeIDE/plugins/com.st.stm32cube.ide.mcu.externaltools.gnu-tools-for-stm32.12.3.rel1.win32_1.0.200.202406191623/tools/bin/../lib/gcc/arm-none-eabi/12.3.1/../../../../arm-none-eabi/lib/thumb/v7-m/nofp\libc_nano.a(libc_a-stdio.o) (_close_r)
C:/ST/STM32CubeIDE_1.16.1/STM32CubeIDE/plugins/com.st.stm32cube.ide.mcu.externaltools.gnu-tools-for-stm32.12.3.rel1.win32_1.0.200.202406191623/tools/bin/../lib/gcc/arm-none-eabi/12.3.1/../../../../arm-none-eabi/lib/thumb/v7-m/nofp\libc_nano.a(libc_a-reent.o)
                              C:/ST/STM32CubeIDE_1.16.1/STM32CubeIDE/plugins/com.st.stm32cube.ide.mcu.externaltools.gnu-tools-for-stm32.12.3.rel1.win32_1.0.200.202406191623/tools/bin/../lib/gcc/arm-none-eabi/12.3.1/../../../../arm-none-eabi/lib/thumb/v7-m/nofp\libc_nano.a(libc_a-closer.o) (errno)
C:/ST/STM32CubeIDE_1.16.1/STM32CubeIDE/plugins/com.st.stm32cube.ide.mcu.externaltools.gnu-tools-for-stm32.12.3.rel1.win32_1.0.200.202406191623/tools/bin/../lib/gcc/arm-none-eabi/12.3.1/../../../../arm-none-eabi/lib/thumb/v7-m/nofp\libc_nano.a(libc_a-impure.o)
                              C:/ST/STM32CubeIDE_1.16.1/STM32CubeIDE/plugins/com.st.stm32cube.ide.mcu.externaltools.gnu-tools-for-stm32.12.3.rel1.win32_1.0.200.202406191623/tools/bin/../lib/gcc/arm-none-eabi/12.3.1/../../../../arm-none-eabi/lib/thumb/v7-m/nofp\libc_nano.a(libc_a-reent.o) (_impure_ptr)
C:/ST/STM32CubeIDE_1.16.1/STM32CubeIDE/plugins/com.st.stm32cube.ide.mcu.externaltools.gnu-tools-for-stm32.12.3.rel1.win32_1.0.200.202406191623/tools/bin/../lib/gcc/arm-none-eabi/12.3.1/../../../../arm-none-eabi/lib/thumb/v7-m/nofp\libc_nano.a(libc_a-lseekr.o)
[...]
Memory Configuration

Name             Origin             Length             Attributes
RAM              0x20000000         0x00002800         xrw
FLASH            0x08000000         0x00008000         xr
*default*        0x00000000         0xffffffff

Linker script and memory map

LOAD C:/ST/STM32CubeIDE_1.16.1/STM32CubeIDE/plugins/com.st.stm32cube.ide.mcu.externaltools.gnu-tools-for-stm32.12.3.rel1.win32_1.0.200.202406191623/tools/bin/../lib/gcc/arm-none-eabi/12.3.1/thumb/v7-m/nofp/crti.o
LOAD C:/ST/STM32CubeIDE_1.16.1/STM32CubeIDE/plugins/com.st.stm32cube.ide.mcu.externaltools.gnu-tools-for-stm32.12.3.rel1.win32_1.0.200.202406191623/tools/bin/../lib/gcc/arm-none-eabi/12.3.1/thumb/v7-m/nofp/crtbegin.o
LOAD C:/ST/STM32CubeIDE_1.16.1/STM32CubeIDE/plugins/com.st.stm32cube.ide.mcu.externaltools.gnu-tools-for-stm32.12.3.rel1.win32_1.0.200.202406191623/tools/bin/../lib/gcc/arm-none-eabi/12.3.1/../../../../arm-none-eabi/lib/thumb/v7-m/nofp/crt0.o
LOAD ./Core/Src/freertos.o
LOAD ./Core/Src/main.o
LOAD ./Core/Src/stm32f1xx_hal_msp.o
LOAD ./Core/Src/stm32f1xx_hal_timebase_tim.o
LOAD ./Core/Src/stm32f1xx_it.o
LOAD ./Core/Src/syscalls.o
LOAD ./Core/Src/sysmem.o
LOAD ./Core/Src/system_stm32f1xx.o
LOAD ./Core/Startup/startup_stm32f103c6tx.o
LOAD ./Drivers/STM32F1xx_HAL_Driver/Src/stm32f1xx_hal.o
LOAD ./Drivers/STM32F1xx_HAL_Driver/Src/stm32f1xx_hal_cortex.o
LOAD ./Drivers/STM32F1xx_HAL_Driver/Src/stm32f1xx_hal_dma.o
LOAD ./Drivers/STM32F1xx_HAL_Driver/Src/stm32f1xx_hal_exti.o
LOAD ./Drivers/STM32F1xx_HAL_Driver/Src/stm32f1xx_hal_flash.o
LOAD ./Drivers/STM32F1xx_HAL_Driver/Src/stm32f1xx_hal_flash_ex.o
LOAD ./Drivers/STM32F1xx_HAL_Driver/Src/stm32f1xx_hal_gpio.o
LOAD ./Drivers/STM32F1xx_HAL_Driver/Src/stm32f1xx_hal_gpio_ex.o
LOAD ./Drivers/STM32F1xx_HAL_Driver/Src/stm32f1xx_hal_pwr.o
LOAD ./Drivers/STM32F1xx_HAL_Driver/Src/stm32f1xx_hal_rcc.o
LOAD ./Drivers/STM32F1xx_HAL_Driver/Src/stm32f1xx_hal_rcc_ex.o
LOAD ./Drivers/STM32F1xx_HAL_Driver/Src/stm32f1xx_hal_tim.o
LOAD ./Drivers/STM32F1xx_HAL_Driver/Src/stm32f1xx_hal_tim_ex.o
LOAD ./Middlewares/Third_Party/FreeRTOS/Source/CMSIS_RTOS/cmsis_os.o
LOAD ./Middlewares/Third_Party/FreeRTOS/Source/croutine.o
LOAD ./Middlewares/Third_Party/FreeRTOS/Source/event_groups.o
LOAD ./Middlewares/Third_Party/FreeRTOS/Source/list.o
LOAD ./Middlewares/Third_Party/FreeRTOS/Source/queue.o
LOAD ./Middlewares/Third_Party/FreeRTOS/Source/stream_buffer.o
LOAD ./Middlewares/Third_Party/FreeRTOS/Source/tasks.o
LOAD ./Middlewares/Third_Party/FreeRTOS/Source/timers.o
LOAD ./Middlewares/Third_Party/FreeRTOS/Source/portable/GCC/ARM_CM3/port.o
LOAD ./Middlewares/Third_Party/FreeRTOS/Source/portable/MemMang/heap_4.o
START GROUP
LOAD C:/ST/STM32CubeIDE_1.16.1/STM32CubeIDE/plugins/com.st.stm32cube.ide.mcu.externaltools.gnu-tools-for-stm32.12.3.rel1.win32_1.0.200.202406191623/tools/bin/../lib/gcc/arm-none-eabi/12.3.1/../../../../arm-none-eabi/lib/thumb/v7-m/nofp\libc_nano.a
LOAD C:/ST/STM32CubeIDE_1.16.1/STM32CubeIDE/plugins/com.st.stm32cube.ide.mcu.externaltools.gnu-tools-for-stm32.12.3.rel1.win32_1.0.200.202406191623/tools/bin/../lib/gcc/arm-none-eabi/12.3.1/../../../../arm-none-eabi/lib/thumb/v7-m/nofp\libm.a
END GROUP
START GROUP
LOAD C:/ST/STM32CubeIDE_1.16.1/STM32CubeIDE/plugins/com.st.stm32cube.ide.mcu.externaltools.gnu-tools-for-stm32.12.3.rel1.win32_1.0.200.202406191623/tools/bin/../lib/gcc/arm-none-eabi/12.3.1/thumb/v7-m/nofp\libgcc.a
LOAD C:/ST/STM32CubeIDE_1.16.1/STM32CubeIDE/plugins/com.st.stm32cube.ide.mcu.externaltools.gnu-tools-for-stm32.12.3.rel1.win32_1.0.200.202406191623/tools/bin/../lib/gcc/arm-none-eabi/12.3.1/../../../../arm-none-eabi/lib/thumb/v7-m/nofp\libc_nano.a
END GROUP
START GROUP
LOAD C:/ST/STM32CubeIDE_1.16.1/STM32CubeIDE/plugins/com.st.stm32cube.ide.mcu.externaltools.gnu-tools-for-stm32.12.3.rel1.win32_1.0.200.202406191623/tools/bin/../lib/gcc/arm-none-eabi/12.3.1/thumb/v7-m/nofp\libgcc.a
LOAD C:/ST/STM32CubeIDE_1.16.1/STM32CubeIDE/plugins/com.st.stm32cube.ide.mcu.externaltools.gnu-tools-for-stm32.12.3.rel1.win32_1.0.200.202406191623/tools/bin/../lib/gcc/arm-none-eabi/12.3.1/../../../../arm-none-eabi/lib/thumb/v7-m/nofp\libc_nano.a
LOAD C:/ST/STM32CubeIDE_1.16.1/STM32CubeIDE/plugins/com.st.stm32cube.ide.mcu.externaltools.gnu-tools-for-stm32.12.3.rel1.win32_1.0.200.202406191623/tools/bin/../lib/gcc/arm-none-eabi/12.3.1/../../../../arm-none-eabi/lib/thumb/v7-m/nofp\libnosys.a
END GROUP
START GROUP
LOAD C:/ST/STM32CubeIDE_1.16.1/STM32CubeIDE/plugins/com.st.stm32cube.ide.mcu.externaltools.gnu-tools-for-stm32.12.3.rel1.win32_1.0.200.202406191623/tools/bin/../lib/gcc/arm-none-eabi/12.3.1/thumb/v7-m/nofp\libgcc.a
LOAD C:/ST/STM32CubeIDE_1.16.1/STM32CubeIDE/plugins/com.st.stm32cube.ide.mcu.externaltools.gnu-tools-for-stm32.12.3.rel1.win32_1.0.200.202406191623/tools/bin/../lib/gcc/arm-none-eabi/12.3.1/../../../../arm-none-eabi/lib/thumb/v7-m/nofp\libc_nano.a
LOAD C:/ST/STM32CubeIDE_1.16.1/STM32CubeIDE/plugins/com.st.stm32cube.ide.mcu.externaltools.gnu-tools-for-stm32.12.3.rel1.win32_1.0.200.202406191623/tools/bin/../lib/gcc/arm-none-eabi/12.3.1/../../../../arm-none-eabi/lib/thumb/v7-m/nofp\libnosys.a
END GROUP
LOAD C:/ST/STM32CubeIDE_1.16.1/STM32CubeIDE/plugins/com.st.stm32cube.ide.mcu.externaltools.gnu-tools-for-stm32.12.3.rel1.win32_1.0.200.202406191623/tools/bin/../lib/gcc/arm-none-eabi/12.3.1/thumb/v7-m/nofp/crtend.o
LOAD C:/ST/STM32CubeIDE_1.16.1/STM32CubeIDE/plugins/com.st.stm32cube.ide.mcu.externaltools.gnu-tools-for-stm32.12.3.rel1.win32_1.0.200.202406191623/tools/bin/../lib/gcc/arm-none-eabi/12.3.1/thumb/v7-m/nofp/crtn.o
                0x20002800                        _estack = (ORIGIN (RAM) + LENGTH (RAM))
                0x00000200                        _Min_Heap_Size = 0x200
                0x00000400                        _Min_Stack_Size = 0x400

.isr_vector     0x08000000      0x10c
                0x08000000                        . = ALIGN (0x4)
 *(.isr_vector)
 .isr_vector    0x08000000      0x10c ./Core/Startup/startup_stm32f103c6tx.o
                0x08000000                g_pfnVectors
                0x0800010c                        . = ALIGN (0x4)

.text           0x08000110     0x3fb4
                0x08000110                        . = ALIGN (0x4)
 *(.text)
 .text          0x08000110       0x40 C:/ST/STM32CubeIDE_1.16.1/STM32CubeIDE/plugins/com.st.stm32cube.ide.mcu.externaltools.gnu-tools-for-stm32.12.3.rel1.win32_1.0.200.202406191623/tools/bin/../lib/gcc/arm-none-eabi/12.3.1/thumb/v7-m/nofp/crtbegin.o
 *(.text*)
 .text.vApplicationGetIdleTaskMemory
                0x08000150       0x30 ./Core/Src/freertos.o
                0x08000150                vApplicationGetIdleTaskMemory
 .text.AccessSharedData
                0x08000180       0x70 ./Core/Src/main.o
                0x08000180                AccessSharedData
 .text.main     0x080001f0       0xf0 ./Core/Src/main.o
                0x080001f0                main
 .text.SystemClock_Config
                0x080002e0       0x8a ./Core/Src/main.o
                0x080002e0                SystemClock_Config
 *fill*         0x0800036a        0x2 
 .text.MX_GPIO_Init
                0x0800036c       0xdc ./Core/Src/main.o
 .text.StartDefaultTask
                0x08000448       0x10 ./Core/Src/main.o
                0x08000448                StartDefaultTask
 .text.greenLEDFlashing
                0x08000458       0x48 ./Core/Src/main.o
                0x08000458                greenLEDFlashing
 .text.redLEDFlashing
                0x080004a0       0x4c ./Core/Src/main.o
                0x080004a0                redLEDFlashing
 .text.orangeLEDFlashing
                0x080004ec       0x20 ./Core/Src/main.o
                0x080004ec                orangeLEDFlashing
 .text.HAL_TIM_PeriodElapsedCallback
                0x0800050c       0x1e ./Core/Src/main.o
                0x0800050c                HAL_TIM_PeriodElapsedCallback
 .text.Error_Handler
                0x0800052a        0xc ./Core/Src/main.o
                0x0800052a                Error_Handler
 *fill*         0x08000536        0x2 
 .text.HAL_MspInit
                0x08000538       0x70 ./Core/Src/stm32f1xx_hal_msp.o
                0x08000538                HAL_MspInit
 .text.HAL_InitTick
                0x080005a8       0xf8 ./Core/Src/stm32f1xx_hal_timebase_tim.o
                0x080005a8                HAL_InitTick
 .text.NMI_Handler
                0x080006a0        0x8 ./Core/Src/stm32f1xx_it.o
                0x080006a0                NMI_Handler
 .text.HardFault_Handler
                0x080006a8        0x8 ./Core/Src/stm32f1xx_it.o
                0x080006a8                HardFault_Handler
 .text.MemManage_Handler
                0x080006b0        0x8 ./Core/Src/stm32f1xx_it.o
                0x080006b0                MemManage_Handler
 .text.BusFault_Handler
                0x080006b8        0x8 ./Core/Src/stm32f1xx_it.o
                0x080006b8                BusFault_Handler
 .text.UsageFault_Handler
                0x080006c0        0x8 ./Core/Src/stm32f1xx_it.o
                0x080006c0                UsageFault_Handler
 .text.DebugMon_Handler
                0x080006c8        0xc ./Core/Src/stm32f1xx_it.o
                0x080006c8                DebugMon_Handler
 .text.TIM2_IRQHandler
                0x080006d4       0x14 ./Core/Src/stm32f1xx_it.o
                0x080006d4                TIM2_IRQHandler
 .text.SystemInit
                0x080006e8        0xc ./Core/Src/system_stm32f1xx.o
                0x080006e8                SystemInit
 .text.Reset_Handler
                0x080006f4       0x48 ./Core/Startup/startup_stm32f103c6tx.o
                0x080006f4                Reset_Handler
 .text.Default_Handler
                0x0800073c        0x2 ./Core/Startup/startup_stm32f103c6tx.o
                0x0800073c                RTC_Alarm_IRQHandler
                0x0800073c                EXTI2_IRQHandler
                0x0800073c                TIM1_CC_IRQHandler
                0x0800073c                PVD_IRQHandler
                0x0800073c                EXTI3_IRQHandler
                0x0800073c                EXTI0_IRQHandler
                0x0800073c                ADC1_2_IRQHandler
                0x0800073c                SPI1_IRQHandler
                0x0800073c                TAMPER_IRQHandler
                0x0800073c                DMA1_Channel4_IRQHandler
                0x0800073c                RTC_IRQHandler
                0x0800073c                DMA1_Channel7_IRQHandler
                0x0800073c                CAN1_RX1_IRQHandler
                0x0800073c                I2C1_EV_IRQHandler
                0x0800073c                DMA1_Channel6_IRQHandler
                0x0800073c                TIM3_IRQHandler
                0x0800073c                RCC_IRQHandler
                0x0800073c                TIM1_TRG_COM_IRQHandler
                0x0800073c                DMA1_Channel1_IRQHandler
                0x0800073c                Default_Handler
                0x0800073c                EXTI15_10_IRQHandler
                0x0800073c                EXTI9_5_IRQHandler
                0x0800073c                DMA1_Channel5_IRQHandler
                0x0800073c                EXTI4_IRQHandler
                0x0800073c                USB_LP_CAN1_RX0_IRQHandler
                0x0800073c                USB_HP_CAN1_TX_IRQHandler
                0x0800073c                DMA1_Channel3_IRQHandler
                0x0800073c                TIM1_UP_IRQHandler
                0x0800073c                WWDG_IRQHandler
                0x0800073c                TIM1_BRK_IRQHandler
                0x0800073c                EXTI1_IRQHandler
                0x0800073c                USART2_IRQHandler
                0x0800073c                DMA1_Channel2_IRQHandler
                0x0800073c                CAN1_SCE_IRQHandler
                0x0800073c                FLASH_IRQHandler
                0x0800073c                USART1_IRQHandler
                0x0800073c                I2C1_ER_IRQHandler
                0x0800073c                USBWakeUp_IRQHandler
 *fill*         0x0800073e        0x2 
 .text.HAL_Init
                0x08000740       0x2c ./Drivers/STM32F1xx_HAL_Driver/Src/stm32f1xx_hal.o
                0x08000740                HAL_Init
 .text.HAL_IncTick
                0x0800076c       0x24 ./Drivers/STM32F1xx_HAL_Driver/Src/stm32f1xx_hal.o
                0x0800076c                HAL_IncTick
 .text.HAL_GetTick
                0x08000790       0x14 ./Drivers/STM32F1xx_HAL_Driver/Src/stm32f1xx_hal.o
                0x08000790                HAL_GetTick
 .text.__NVIC_SetPriorityGrouping
                0x080007a4       0x48 ./Drivers/STM32F1xx_HAL_Driver/Src/stm32f1xx_hal_cortex.o
 .text.__NVIC_GetPriorityGrouping
                0x080007ec       0x1c ./Drivers/STM32F1xx_HAL_Driver/Src/stm32f1xx_hal_cortex.o
 .text.__NVIC_EnableIRQ
                0x08000808       0x38 ./Drivers/STM32F1xx_HAL_Driver/Src/stm32f1xx_hal_cortex.o
 .text.__NVIC_SetPriority
                0x08000840       0x54 ./Drivers/STM32F1xx_HAL_Driver/Src/stm32f1xx_hal_cortex.o
 .text.NVIC_EncodePriority
                0x08000894       0x64 ./Drivers/STM32F1xx_HAL_Driver/Src/stm32f1xx_hal_cortex.o
 .text.HAL_NVIC_SetPriorityGrouping
                0x080008f8       0x16 ./Drivers/STM32F1xx_HAL_Driver/Src/stm32f1xx_hal_cortex.o
                0x080008f8                HAL_NVIC_SetPriorityGrouping
 .text.HAL_NVIC_SetPriority
                0x0800090e       0x38 ./Drivers/STM32F1xx_HAL_Driver/Src/stm32f1xx_hal_cortex.o
                0x0800090e                HAL_NVIC_SetPriority
 .text.HAL_NVIC_EnableIRQ
                0x08000946       0x1c ./Drivers/STM32F1xx_HAL_Driver/Src/stm32f1xx_hal_cortex.o
                0x08000946                HAL_NVIC_EnableIRQ
 *fill*         0x08000962        0x2 
 .text.HAL_GPIO_Init
                0x08000964      0x2f8 ./Drivers/STM32F1xx_HAL_Driver/Src/stm32f1xx_hal_gpio.o
                0x08000964                HAL_GPIO_Init
 .text.HAL_GPIO_WritePin
                0x08000c5c       0x30 ./Drivers/STM32F1xx_HAL_Driver/Src/stm32f1xx_hal_gpio.o
                0x08000c5c                HAL_GPIO_WritePin
 .text.HAL_GPIO_TogglePin
                0x08000c8c       0x32 ./Drivers/STM32F1xx_HAL_Driver/Src/stm32f1xx_hal_gpio.o
                0x08000c8c                HAL_GPIO_TogglePin
 *fill*         0x08000cbe        0x2 
 .text.HAL_RCC_OscConfig
                0x08000cc0      0x504 ./Drivers/STM32F1xx_HAL_Driver/Src/stm32f1xx_hal_rcc.o
                0x08000cc0                HAL_RCC_OscConfig
 .text.HAL_RCC_ClockConfig
                0x080011c4      0x1d4 ./Drivers/STM32F1xx_HAL_Driver/Src/stm32f1xx_hal_rcc.o
                0x080011c4                HAL_RCC_ClockConfig
 .text.HAL_RCC_GetSysClockFreq
                0x08001398       0xa8 ./Drivers/STM32F1xx_HAL_Driver/Src/stm32f1xx_hal_rcc.o
                0x08001398                HAL_RCC_GetSysClockFreq
 .text.HAL_RCC_GetHCLKFreq
                0x08001440       0x14 ./Drivers/STM32F1xx_HAL_Driver/Src/stm32f1xx_hal_rcc.o
                0x08001440                HAL_RCC_GetHCLKFreq
 .text.HAL_RCC_GetPCLK1Freq
                0x08001454       0x28 ./Drivers/STM32F1xx_HAL_Driver/Src/stm32f1xx_hal_rcc.o
                0x08001454                HAL_RCC_GetPCLK1Freq
 .text.HAL_RCC_GetClockConfig
                0x0800147c       0x60 ./Drivers/STM32F1xx_HAL_Driver/Src/stm32f1xx_hal_rcc.o
                0x0800147c                HAL_RCC_GetClockConfig
 .text.RCC_Delay
                0x080014dc       0x3c ./Drivers/STM32F1xx_HAL_Driver/Src/stm32f1xx_hal_rcc.o
 .text.HAL_TIM_Base_Init
                0x08001518       0x9e ./Drivers/STM32F1xx_HAL_Driver/Src/stm32f1xx_hal_tim.o
                0x08001518                HAL_TIM_Base_Init
 .text.HAL_TIM_Base_MspInit
                0x080015b6       0x12 ./Drivers/STM32F1xx_HAL_Driver/Src/stm32f1xx_hal_tim.o
                0x080015b6                HAL_TIM_Base_MspInit
 .text.HAL_TIM_Base_Start_IT
                0x080015c8       0x98 ./Drivers/STM32F1xx_HAL_Driver/Src/stm32f1xx_hal_tim.o
                0x080015c8                HAL_TIM_Base_Start_IT
 .text.HAL_TIM_IRQHandler
                0x08001660      0x1e0 ./Drivers/STM32F1xx_HAL_Driver/Src/stm32f1xx_hal_tim.o
                0x08001660                HAL_TIM_IRQHandler
 .text.HAL_TIM_OC_DelayElapsedCallback
                0x08001840       0x12 ./Drivers/STM32F1xx_HAL_Driver/Src/stm32f1xx_hal_tim.o
                0x08001840                HAL_TIM_OC_DelayElapsedCallback
 .text.HAL_TIM_IC_CaptureCallback
                0x08001852       0x12 ./Drivers/STM32F1xx_HAL_Driver/Src/stm32f1xx_hal_tim.o
                0x08001852                HAL_TIM_IC_CaptureCallback
 .text.HAL_TIM_PWM_PulseFinishedCallback
                0x08001864       0x12 ./Drivers/STM32F1xx_HAL_Driver/Src/stm32f1xx_hal_tim.o
                0x08001864                HAL_TIM_PWM_PulseFinishedCallback
 .text.HAL_TIM_TriggerCallback
                0x08001876       0x12 ./Drivers/STM32F1xx_HAL_Driver/Src/stm32f1xx_hal_tim.o
                0x08001876                HAL_TIM_TriggerCallback
 .text.TIM_Base_SetConfig
                0x08001888       0xc8 ./Drivers/STM32F1xx_HAL_Driver/Src/stm32f1xx_hal_tim.o
                0x08001888                TIM_Base_SetConfig
 .text.HAL_TIMEx_CommutCallback
                0x08001950       0x12 ./Drivers/STM32F1xx_HAL_Driver/Src/stm32f1xx_hal_tim_ex.o
                0x08001950                HAL_TIMEx_CommutCallback
 .text.HAL_TIMEx_BreakCallback
                0x08001962       0x12 ./Drivers/STM32F1xx_HAL_Driver/Src/stm32f1xx_hal_tim_ex.o
                0x08001962                HAL_TIMEx_BreakCallback
 .text.makeFreeRtosPriority
                0x08001974       0x2e ./Middlewares/Third_Party/FreeRTOS/Source/CMSIS_RTOS/cmsis_os.o
 .text.inHandlerMode
                0x080019a2       0x22 ./Middlewares/Third_Party/FreeRTOS/Source/CMSIS_RTOS/cmsis_os.o
 .text.osKernelStart
                0x080019c4        0xe ./Middlewares/Third_Party/FreeRTOS/Source/CMSIS_RTOS/cmsis_os.o
                0x080019c4                osKernelStart
 .text.osThreadCreate
                0x080019d2       0x98 ./Middlewares/Third_Party/FreeRTOS/Source/CMSIS_RTOS/cmsis_os.o
                0x080019d2                osThreadCreate
 .text.osDelay  0x08001a6a       0x28 ./Middlewares/Third_Party/FreeRTOS/Source/CMSIS_RTOS/cmsis_os.o
                0x08001a6a                osDelay
 .text.osSemaphoreCreate
                0x08001a92       0x64 ./Middlewares/Third_Party/FreeRTOS/Source/CMSIS_RTOS/cmsis_os.o
                0x08001a92                osSemaphoreCreate
 *fill*         0x08001af6        0x2 
 .text.osSemaphoreWait
                0x08001af8       0x9c ./Middlewares/Third_Party/FreeRTOS/Source/CMSIS_RTOS/cmsis_os.o
                0x08001af8                osSemaphoreWait
 .text.osSemaphoreRelease
                0x08001b94       0x6c ./Middlewares/Third_Party/FreeRTOS/Source/CMSIS_RTOS/cmsis_os.o
                0x08001b94                osSemaphoreRelease
 .text.vListInitialise
                0x08001c00       0x3e ./Middlewares/Third_Party/FreeRTOS/Source/list.o
                0x08001c00                vListInitialise
 .text.vListInitialiseItem
                0x08001c3e       0x18 ./Middlewares/Third_Party/FreeRTOS/Source/list.o
                0x08001c3e                vListInitialiseItem
 .text.vListInsertEnd
                0x08001c56       0x46 ./Middlewares/Third_Party/FreeRTOS/Source/list.o
                0x08001c56                vListInsertEnd
 .text.vListInsert
                0x08001c9c       0x70 ./Middlewares/Third_Party/FreeRTOS/Source/list.o
                0x08001c9c                vListInsert
 .text.uxListRemove
                0x08001d0c       0x52 ./Middlewares/Third_Party/FreeRTOS/Source/list.o
                0x08001d0c                uxListRemove
 *fill*         0x08001d5e        0x2 
 .text.xQueueGenericReset
                0x08001d60       0xd4 ./Middlewares/Third_Party/FreeRTOS/Source/queue.o
                0x08001d60                xQueueGenericReset
 .text.xQueueGenericCreateStatic
                0x08001e34       0xfa ./Middlewares/Third_Party/FreeRTOS/Source/queue.o
                0x08001e34                xQueueGenericCreateStatic
 .text.xQueueGenericCreate
                0x08001f2e       0x76 ./Middlewares/Third_Party/FreeRTOS/Source/queue.o
                0x08001f2e                xQueueGenericCreate
 .text.prvInitialiseNewQueue
                0x08001fa4       0x3e ./Middlewares/Third_Party/FreeRTOS/Source/queue.o
 *fill*         0x08001fe2        0x2 
 .text.xQueueGenericSend
                0x08001fe4      0x204 ./Middlewares/Third_Party/FreeRTOS/Source/queue.o
                0x08001fe4                xQueueGenericSend
 .text.xQueueGiveFromISR
                0x080021e8      0x120 ./Middlewares/Third_Party/FreeRTOS/Source/queue.o
                0x080021e8                xQueueGiveFromISR
 .text.xQueueSemaphoreTake
                0x08002308      0x220 ./Middlewares/Third_Party/FreeRTOS/Source/queue.o
                0x08002308                xQueueSemaphoreTake
 .text.xQueueReceiveFromISR
                0x08002528      0x104 ./Middlewares/Third_Party/FreeRTOS/Source/queue.o
                0x08002528                xQueueReceiveFromISR
 .text.prvGetDisinheritPriorityAfterTimeout
                0x0800262c       0x2e ./Middlewares/Third_Party/FreeRTOS/Source/queue.o
 .text.prvCopyDataToQueue
                0x0800265a       0xd4 ./Middlewares/Third_Party/FreeRTOS/Source/queue.o
 .text.prvCopyDataFromQueue
                0x0800272e       0x4c ./Middlewares/Third_Party/FreeRTOS/Source/queue.o
 .text.prvUnlockQueue
                0x0800277a       0xa4 ./Middlewares/Third_Party/FreeRTOS/Source/queue.o
 .text.prvIsQueueEmpty
                0x0800281e       0x2c ./Middlewares/Third_Party/FreeRTOS/Source/queue.o
 .text.prvIsQueueFull
                0x0800284a       0x30 ./Middlewares/Third_Party/FreeRTOS/Source/queue.o
 .text.xTaskCreateStatic
                0x0800287a       0xc0 ./Middlewares/Third_Party/FreeRTOS/Source/tasks.o
                0x0800287a                xTaskCreateStatic
 .text.xTaskCreate
                0x0800293a       0x8a ./Middlewares/Third_Party/FreeRTOS/Source/tasks.o
                0x0800293a                xTaskCreate
 .text.prvInitialiseNewTask
                0x080029c4      0x110 ./Middlewares/Third_Party/FreeRTOS/Source/tasks.o
 .text.prvAddNewTaskToReadyList
                0x08002ad4       0xd4 ./Middlewares/Third_Party/FreeRTOS/Source/tasks.o
 .text.vTaskDelay
                0x08002ba8       0x6c ./Middlewares/Third_Party/FreeRTOS/Source/tasks.o
                0x08002ba8                vTaskDelay
 .text.vTaskStartScheduler
                0x08002c14       0xc4 ./Middlewares/Third_Party/FreeRTOS/Source/tasks.o
                0x08002c14                vTaskStartScheduler
 .text.vTaskSuspendAll
                0x08002cd8       0x1c ./Middlewares/Third_Party/FreeRTOS/Source/tasks.o
                0x08002cd8                vTaskSuspendAll
 .text.xTaskResumeAll
                0x08002cf4      0x13c ./Middlewares/Third_Party/FreeRTOS/Source/tasks.o
                0x08002cf4                xTaskResumeAll
 .text.xTaskIncrementTick
                0x08002e30      0x174 ./Middlewares/Third_Party/FreeRTOS/Source/tasks.o
                0x08002e30                xTaskIncrementTick
 .text.vTaskSwitchContext
                0x08002fa4       0xb8 ./Middlewares/Third_Party/FreeRTOS/Source/tasks.o
                0x08002fa4                vTaskSwitchContext
 .text.vTaskPlaceOnEventList
                0x0800305c       0x4c ./Middlewares/Third_Party/FreeRTOS/Source/tasks.o
                0x0800305c                vTaskPlaceOnEventList
 .text.xTaskRemoveFromEventList
                0x080030a8       0xc8 ./Middlewares/Third_Party/FreeRTOS/Source/tasks.o
                0x080030a8                xTaskRemoveFromEventList
 .text.vTaskInternalSetTimeOutState
                0x08003170       0x2c ./Middlewares/Third_Party/FreeRTOS/Source/tasks.o
                0x08003170                vTaskInternalSetTimeOutState
 .text.xTaskCheckForTimeOut
                0x0800319c       0xc8 ./Middlewares/Third_Party/FreeRTOS/Source/tasks.o
                0x0800319c                xTaskCheckForTimeOut
 .text.vTaskMissedYield
                0x08003264       0x18 ./Middlewares/Third_Party/FreeRTOS/Source/tasks.o
                0x08003264                vTaskMissedYield
 .text.prvIdleTask
                0x0800327c       0x30 ./Middlewares/Third_Party/FreeRTOS/Source/tasks.o
 .text.prvInitialiseTaskLists
                0x080032ac       0x80 ./Middlewares/Third_Party/FreeRTOS/Source/tasks.o
 .text.prvCheckTasksWaitingTermination
                0x0800332c       0x5c ./Middlewares/Third_Party/FreeRTOS/Source/tasks.o
 .text.prvDeleteTCB
                0x08003388       0x60 ./Middlewares/Third_Party/FreeRTOS/Source/tasks.o
 .text.prvResetNextTaskUnblockTime
                0x080033e8       0x40 ./Middlewares/Third_Party/FreeRTOS/Source/tasks.o
 .text.xTaskGetSchedulerState
                0x08003428       0x3c ./Middlewares/Third_Party/FreeRTOS/Source/tasks.o
                0x08003428                xTaskGetSchedulerState
 .text.xTaskPriorityInherit
                0x08003464       0xec ./Middlewares/Third_Party/FreeRTOS/Source/tasks.o
                0x08003464                xTaskPriorityInherit
 .text.xTaskPriorityDisinherit
                0x08003550      0x110 ./Middlewares/Third_Party/FreeRTOS/Source/tasks.o
                0x08003550                xTaskPriorityDisinherit
 .text.vTaskPriorityDisinheritAfterTimeout
                0x08003660      0x120 ./Middlewares/Third_Party/FreeRTOS/Source/tasks.o
                0x08003660                vTaskPriorityDisinheritAfterTimeout
 .text.pvTaskIncrementMutexHeldCount
                0x08003780       0x28 ./Middlewares/Third_Party/FreeRTOS/Source/tasks.o
                0x08003780                pvTaskIncrementMutexHeldCount
 .text.prvAddCurrentTaskToDelayedList
                0x080037a8       0xcc ./Middlewares/Third_Party/FreeRTOS/Source/tasks.o
 .text.pxPortInitialiseStack
                0x08003874       0x58 ./Middlewares/Third_Party/FreeRTOS/Source/portable/GCC/ARM_CM3/port.o
                0x08003874                pxPortInitialiseStack
 .text.prvTaskExitError
                0x080038cc       0x58 ./Middlewares/Third_Party/FreeRTOS/Source/portable/GCC/ARM_CM3/port.o
 *fill*         0x08003924        0xc 
 .text.SVC_Handler
                0x08003930       0x28 ./Middlewares/Third_Party/FreeRTOS/Source/portable/GCC/ARM_CM3/port.o
                0x08003930                SVC_Handler
 .text.prvPortStartFirstTask
                0x08003958       0x20 ./Middlewares/Third_Party/FreeRTOS/Source/portable/GCC/ARM_CM3/port.o
 .text.xPortStartScheduler
                0x08003978       0xe4 ./Middlewares/Third_Party/FreeRTOS/Source/portable/GCC/ARM_CM3/port.o
                0x08003978                xPortStartScheduler
 .text.vPortEnterCritical
                0x08003a5c       0x60 ./Middlewares/Third_Party/FreeRTOS/Source/portable/GCC/ARM_CM3/port.o
                0x08003a5c                vPortEnterCritical
 .text.vPortExitCritical
                0x08003abc       0x54 ./Middlewares/Third_Party/FreeRTOS/Source/portable/GCC/ARM_CM3/port.o
                0x08003abc                vPortExitCritical
 .text.PendSV_Handler
                0x08003b10       0x48 ./Middlewares/Third_Party/FreeRTOS/Source/portable/GCC/ARM_CM3/port.o
                0x08003b10                PendSV_Handler
 .text.SysTick_Handler
                0x08003b58       0x44 ./Middlewares/Third_Party/FreeRTOS/Source/portable/GCC/ARM_CM3/port.o
                0x08003b58                SysTick_Handler
 .text.vPortSetupTimerInterrupt
                0x08003b9c       0x44 ./Middlewares/Third_Party/FreeRTOS/Source/portable/GCC/ARM_CM3/port.o
                0x08003b9c                vPortSetupTimerInterrupt
 .text.vPortValidateInterruptPriority
                0x08003be0       0x80 ./Middlewares/Third_Party/FreeRTOS/Source/portable/GCC/ARM_CM3/port.o
                0x08003be0                vPortValidateInterruptPriority
 .text.pvPortMalloc
                0x08003c60      0x19c ./Middlewares/Third_Party/FreeRTOS/Source/portable/MemMang/heap_4.o
                0x08003c60                pvPortMalloc
 .text.vPortFree
                0x08003dfc       0xc8 ./Middlewares/Third_Party/FreeRTOS/Source/portable/MemMang/heap_4.o
                0x08003dfc                vPortFree
 .text.prvHeapInit
                0x08003ec4       0xc4 ./Middlewares/Third_Party/FreeRTOS/Source/portable/MemMang/heap_4.o
 .text.prvInsertBlockIntoFreeList
                0x08003f88       0xb0 ./Middlewares/Third_Party/FreeRTOS/Source/portable/MemMang/heap_4.o
 .text.memset   0x08004038       0x10 C:/ST/STM32CubeIDE_1.16.1/STM32CubeIDE/plugins/com.st.stm32cube.ide.mcu.externaltools.gnu-tools-for-stm32.12.3.rel1.win32_1.0.200.202406191623/tools/bin/../lib/gcc/arm-none-eabi/12.3.1/../../../../arm-none-eabi/lib/thumb/v7-m/nofp\libc_nano.a(libc_a-memset.o)
                0x08004038                memset
 .text.__libc_init_array
                0x08004048       0x48 C:/ST/STM32CubeIDE_1.16.1/STM32CubeIDE/plugins/com.st.stm32cube.ide.mcu.externaltools.gnu-tools-for-stm32.12.3.rel1.win32_1.0.200.202406191623/tools/bin/../lib/gcc/arm-none-eabi/12.3.1/../../../../arm-none-eabi/lib/thumb/v7-m/nofp\libc_nano.a(libc_a-init.o)
                0x08004048                __libc_init_array
 .text.memcpy   0x08004090       0x1c C:/ST/STM32CubeIDE_1.16.1/STM32CubeIDE/plugins/com.st.stm32cube.ide.mcu.externaltools.gnu-tools-for-stm32.12.3.rel1.win32_1.0.200.202406191623/tools/bin/../lib/gcc/arm-none-eabi/12.3.1/../../../../arm-none-eabi/lib/thumb/v7-m/nofp\libc_nano.a(libc_a-memcpy-stub.o)
                0x08004090                memcpy
 *(.glue_7)
 .glue_7        0x080040ac        0x0 linker stubs
 *(.glue_7t)
 .glue_7t       0x080040ac        0x0 linker stubs
 *(.eh_frame)
 .eh_frame      0x080040ac        0x0 C:/ST/STM32CubeIDE_1.16.1/STM32CubeIDE/plugins/com.st.stm32cube.ide.mcu.externaltools.gnu-tools-for-stm32.12.3.rel1.win32_1.0.200.202406191623/tools/bin/../lib/gcc/arm-none-eabi/12.3.1/thumb/v7-m/nofp/crtbegin.o
 *(.init)
 .init          0x080040ac        0x4 C:/ST/STM32CubeIDE_1.16.1/STM32CubeIDE/plugins/com.st.stm32cube.ide.mcu.externaltools.gnu-tools-for-stm32.12.3.rel1.win32_1.0.200.202406191623/tools/bin/../lib/gcc/arm-none-eabi/12.3.1/thumb/v7-m/nofp/crti.o
                0x080040ac                _init
 .init          0x080040b0        0x8 C:/ST/STM32CubeIDE_1.16.1/STM32CubeIDE/plugins/com.st.stm32cube.ide.mcu.externaltools.gnu-tools-for-stm32.12.3.rel1.win32_1.0.200.202406191623/tools/bin/../lib/gcc/arm-none-eabi/12.3.1/thumb/v7-m/nofp/crtn.o
 *(.fini)
 .fini          0x080040b8        0x4 C:/ST/STM32CubeIDE_1.16.1/STM32CubeIDE/plugins/com.st.stm32cube.ide.mcu.externaltools.gnu-tools-for-stm32.12.3.rel1.win32_1.0.200.202406191623/tools/bin/../lib/gcc/arm-none-eabi/12.3.1/thumb/v7-m/nofp/crti.o
                0x080040b8                _fini
 .fini          0x080040bc        0x8 C:/ST/STM32CubeIDE_1.16.1/STM32CubeIDE/plugins/com.st.stm32cube.ide.mcu.externaltools.gnu-tools-for-stm32.12.3.rel1.win32_1.0.200.202406191623/tools/bin/../lib/gcc/arm-none-eabi/12.3.1/thumb/v7-m/nofp/crtn.o
                0x080040c4                        . = ALIGN (0x4)
                0x080040c4                        _etext = .

.vfp11_veneer   0x080040c4        0x0
 .vfp11_veneer  0x080040c4        0x0 linker stubs

.v4_bx          0x080040c4        0x0
 .v4_bx         0x080040c4        0x0 linker stubs

.iplt           0x080040c4        0x0
 .iplt          0x080040c4        0x0 C:/ST/STM32CubeIDE_1.16.1/STM32CubeIDE/plugins/com.st.stm32cube.ide.mcu.externaltools.gnu-tools-for-stm32.12.3.rel1.win32_1.0.200.202406191623/tools/bin/../lib/gcc/arm-none-eabi/12.3.1/thumb/v7-m/nofp/crtbegin.o

.rodata         0x080040c4       0xdc
                0x080040c4                        . = ALIGN (0x4)
 *(.rodata)
 .rodata        0x080040c4       0xa8 ./Core/Src/main.o
 .rodata        0x0800416c        0x5 ./Middlewares/Third_Party/FreeRTOS/Source/tasks.o
 *(.rodata*)
 *fill*         0x08004171        0x3 
 .rodata.AHBPrescTable
                0x08004174       0x10 ./Core/Src/system_stm32f1xx.o
                0x08004174                AHBPrescTable
 .rodata.APBPrescTable
                0x08004184        0x8 ./Core/Src/system_stm32f1xx.o
                0x08004184                APBPrescTable
 .rodata.aPLLMULFactorTable.1
                0x0800418c       0x10 ./Drivers/STM32F1xx_HAL_Driver/Src/stm32f1xx_hal_rcc.o
 .rodata.aPredivFactorTable.0
                0x0800419c        0x2 ./Drivers/STM32F1xx_HAL_Driver/Src/stm32f1xx_hal_rcc.o
                0x080041a0                        . = ALIGN (0x4)
 *fill*         0x0800419e        0x2 

.ARM.extab      0x080041a0        0x0
                0x080041a0                        . = ALIGN (0x4)
 *(.ARM.extab* .gnu.linkonce.armextab.*)
                0x080041a0                        . = ALIGN (0x4)

.ARM            0x080041a0        0x0
                0x080041a0                        . = ALIGN (0x4)
                0x080041a0                        __exidx_start = .
 *(.ARM.exidx*)
                0x080041a0                        __exidx_end = .
                0x080041a0                        . = ALIGN (0x4)

.preinit_array  0x080041a0        0x0
                0x080041a0                        . = ALIGN (0x4)
                0x080041a0                        PROVIDE (__preinit_array_start = .)
 *(.preinit_array*)
                0x080041a0                        PROVIDE (__preinit_array_end = .)
                0x080041a0                        . = ALIGN (0x4)

.init_array     0x080041a0        0x4
                0x080041a0                        . = ALIGN (0x4)
                0x080041a0                        PROVIDE (__init_array_start = .)
 *(SORT_BY_NAME(.init_array.*))
 *(.init_array*)
 .init_array    0x080041a0        0x4 C:/ST/STM32CubeIDE_1.16.1/STM32CubeIDE/plugins/com.st.stm32cube.ide.mcu.externaltools.gnu-tools-for-stm32.12.3.rel1.win32_1.0.200.202406191623/tools/bin/../lib/gcc/arm-none-eabi/12.3.1/thumb/v7-m/nofp/crtbegin.o
                0x080041a4                        PROVIDE (__init_array_end = .)
                0x080041a4                        . = ALIGN (0x4)

.fini_array     0x080041a4        0x4
                0x080041a4                        . = ALIGN (0x4)
                [!provide]                        PROVIDE (__fini_array_start = .)
 *(SORT_BY_NAME(.fini_array.*))
 *(.fini_array*)
 .fini_array    0x080041a4        0x4 C:/ST/STM32CubeIDE_1.16.1/STM32CubeIDE/plugins/com.st.stm32cube.ide.mcu.externaltools.gnu-tools-for-stm32.12.3.rel1.win32_1.0.200.202406191623/tools/bin/../lib/gcc/arm-none-eabi/12.3.1/thumb/v7-m/nofp/crtbegin.o
                [!provide]                        PROVIDE (__fini_array_end = .)
                0x080041a8                        . = ALIGN (0x4)
                0x080041a8                        _sidata = LOADADDR (.data)

.rel.dyn        0x080041a8        0x0
 .rel.iplt      0x080041a8        0x0 C:/ST/STM32CubeIDE_1.16.1/STM32CubeIDE/plugins/com.st.stm32cube.ide.mcu.externaltools.gnu-tools-for-stm32.12.3.rel1.win32_1.0.200.202406191623/tools/bin/../lib/gcc/arm-none-eabi/12.3.1/thumb/v7-m/nofp/crtbegin.o

.data           0x20000000       0x14 load address 0x080041a8
                0x20000000                        . = ALIGN (0x4)
                0x20000000                        _sdata = .
 *(.data)
 *(.data*)
 .data.StartFlag
                0x20000000        0x4 ./Core/Src/main.o
                0x20000000                StartFlag
 .data.SystemCoreClock
                0x20000004        0x4 ./Core/Src/system_stm32f1xx.o
                0x20000004                SystemCoreClock
 .data.uwTickPrio
                0x20000008        0x4 ./Drivers/STM32F1xx_HAL_Driver/Src/stm32f1xx_hal.o
                0x20000008                uwTickPrio
 .data.uwTickFreq
                0x2000000c        0x1 ./Drivers/STM32F1xx_HAL_Driver/Src/stm32f1xx_hal.o
                0x2000000c                uwTickFreq
 *fill*         0x2000000d        0x3 
 .data.uxCriticalNesting
                0x20000010        0x4 ./Middlewares/Third_Party/FreeRTOS/Source/portable/GCC/ARM_CM3/port.o
 *(.RamFunc)
 *(.RamFunc*)
                0x20000014                        . = ALIGN (0x4)
                0x20000014                        _edata = .

.igot.plt       0x20000014        0x0 load address 0x080041bc
 .igot.plt      0x20000014        0x0 C:/ST/STM32CubeIDE_1.16.1/STM32CubeIDE/plugins/com.st.stm32cube.ide.mcu.externaltools.gnu-tools-for-stm32.12.3.rel1.win32_1.0.200.202406191623/tools/bin/../lib/gcc/arm-none-eabi/12.3.1/thumb/v7-m/nofp/crtbegin.o
                0x20000014                        . = ALIGN (0x4)

.bss            0x20000014     0x102c load address 0x080041bc
                0x20000014                        _sbss = .
                0x20000014                        __bss_start__ = _sbss
 *(.bss)
 .bss           0x20000014       0x1c C:/ST/STM32CubeIDE_1.16.1/STM32CubeIDE/plugins/com.st.stm32cube.ide.mcu.externaltools.gnu-tools-for-stm32.12.3.rel1.win32_1.0.200.202406191623/tools/bin/../lib/gcc/arm-none-eabi/12.3.1/thumb/v7-m/nofp/crtbegin.o
 *(.bss*)
 .bss.xIdleTaskTCBBuffer
                0x20000030       0x54 ./Core/Src/freertos.o
 .bss.xIdleStack
                0x20000084      0x200 ./Core/Src/freertos.o
 .bss.greenTask
                0x20000284        0x4 ./Core/Src/main.o
                0x20000284                greenTask
 .bss.redTask   0x20000288        0x4 ./Core/Src/main.o
                0x20000288                redTask
 .bss.defaultTaskHandle
                0x2000028c        0x4 ./Core/Src/main.o
                0x2000028c                defaultTaskHandle
 .bss.greenLEDTaskHandle
                0x20000290        0x4 ./Core/Src/main.o
                0x20000290                greenLEDTaskHandle
 .bss.redLEDTaskHandle
                0x20000294        0x4 ./Core/Src/main.o
                0x20000294                redLEDTaskHandle
 .bss.orangeLEDTaskHandle
                0x20000298        0x4 ./Core/Src/main.o
                0x20000298                orangeLEDTaskHandle
 .bss.CriticalResourceSemaphoreHandle
                0x2000029c        0x4 ./Core/Src/main.o
                0x2000029c                CriticalResourceSemaphoreHandle
 .bss.htim2     0x200002a0       0x48 ./Core/Src/stm32f1xx_hal_timebase_tim.o
                0x200002a0                htim2
 .bss.uwTick    0x200002e8        0x4 ./Drivers/STM32F1xx_HAL_Driver/Src/stm32f1xx_hal.o
                0x200002e8                uwTick
 .bss.pxCurrentTCB
                0x200002ec        0x4 ./Middlewares/Third_Party/FreeRTOS/Source/tasks.o
                0x200002ec                pxCurrentTCB
 .bss.pxReadyTasksLists
                0x200002f0       0x8c ./Middlewares/Third_Party/FreeRTOS/Source/tasks.o
 .bss.xDelayedTaskList1
                0x2000037c       0x14 ./Middlewares/Third_Party/FreeRTOS/Source/tasks.o
 .bss.xDelayedTaskList2
                0x20000390       0x14 ./Middlewares/Third_Party/FreeRTOS/Source/tasks.o
 .bss.pxDelayedTaskList
                0x200003a4        0x4 ./Middlewares/Third_Party/FreeRTOS/Source/tasks.o
 .bss.pxOverflowDelayedTaskList
                0x200003a8        0x4 ./Middlewares/Third_Party/FreeRTOS/Source/tasks.o
 .bss.xPendingReadyList
                0x200003ac       0x14 ./Middlewares/Third_Party/FreeRTOS/Source/tasks.o
 .bss.xTasksWaitingTermination
                0x200003c0       0x14 ./Middlewares/Third_Party/FreeRTOS/Source/tasks.o
 .bss.uxDeletedTasksWaitingCleanUp
                0x200003d4        0x4 ./Middlewares/Third_Party/FreeRTOS/Source/tasks.o
 .bss.xSuspendedTaskList
                0x200003d8       0x14 ./Middlewares/Third_Party/FreeRTOS/Source/tasks.o
 .bss.uxCurrentNumberOfTasks
                0x200003ec        0x4 ./Middlewares/Third_Party/FreeRTOS/Source/tasks.o
 .bss.xTickCount
                0x200003f0        0x4 ./Middlewares/Third_Party/FreeRTOS/Source/tasks.o
 .bss.uxTopReadyPriority
                0x200003f4        0x4 ./Middlewares/Third_Party/FreeRTOS/Source/tasks.o
 .bss.xSchedulerRunning
                0x200003f8        0x4 ./Middlewares/Third_Party/FreeRTOS/Source/tasks.o
 .bss.xPendedTicks
                0x200003fc        0x4 ./Middlewares/Third_Party/FreeRTOS/Source/tasks.o
 .bss.xYieldPending
                0x20000400        0x4 ./Middlewares/Third_Party/FreeRTOS/Source/tasks.o
 .bss.xNumOfOverflows
                0x20000404        0x4 ./Middlewares/Third_Party/FreeRTOS/Source/tasks.o
 .bss.uxTaskNumber
                0x20000408        0x4 ./Middlewares/Third_Party/FreeRTOS/Source/tasks.o
 .bss.xNextTaskUnblockTime
                0x2000040c        0x4 ./Middlewares/Third_Party/FreeRTOS/Source/tasks.o
 .bss.xIdleTaskHandle
                0x20000410        0x4 ./Middlewares/Third_Party/FreeRTOS/Source/tasks.o
 .bss.uxSchedulerSuspended
                0x20000414        0x4 ./Middlewares/Third_Party/FreeRTOS/Source/tasks.o
 .bss.ucMaxSysCallPriority
                0x20000418        0x1 ./Middlewares/Third_Party/FreeRTOS/Source/portable/GCC/ARM_CM3/port.o
 *fill*         0x20000419        0x3 
 .bss.ulMaxPRIGROUPValue
                0x2000041c        0x4 ./Middlewares/Third_Party/FreeRTOS/Source/portable/GCC/ARM_CM3/port.o
 .bss.ucHeap    0x20000420      0xc00 ./Middlewares/Third_Party/FreeRTOS/Source/portable/MemMang/heap_4.o
 .bss.xStart    0x20001020        0x8 ./Middlewares/Third_Party/FreeRTOS/Source/portable/MemMang/heap_4.o
 .bss.pxEnd     0x20001028        0x4 ./Middlewares/Third_Party/FreeRTOS/Source/portable/MemMang/heap_4.o
 .bss.xFreeBytesRemaining
                0x2000102c        0x4 ./Middlewares/Third_Party/FreeRTOS/Source/portable/MemMang/heap_4.o
 .bss.xMinimumEverFreeBytesRemaining
                0x20001030        0x4 ./Middlewares/Third_Party/FreeRTOS/Source/portable/MemMang/heap_4.o
 .bss.xNumberOfSuccessfulAllocations
                0x20001034        0x4 ./Middlewares/Third_Party/FreeRTOS/Source/portable/MemMang/heap_4.o
 .bss.xNumberOfSuccessfulFrees
                0x20001038        0x4 ./Middlewares/Third_Party/FreeRTOS/Source/portable/MemMang/heap_4.o
 .bss.xBlockAllocatedBit
                0x2000103c        0x4 ./Middlewares/Third_Party/FreeRTOS/Source/portable/MemMang/heap_4.o
 *(COMMON)
                0x20001040                        . = ALIGN (0x4)
                0x20001040                        _ebss = .
                0x20001040                        __bss_end__ = _ebss

._user_heap_stack
                0x20001040      0x600 load address 0x080041bc
                0x20001040                        . = ALIGN (0x8)
                [!provide]                        PROVIDE (end = .)
                0x20001040                        PROVIDE (_end = .)
                0x20001240                        . = (. + _Min_Heap_Size)
 *fill*         0x20001040      0x200 
                0x20001640                        . = (. + _Min_Stack_Size)
 *fill*         0x20001240      0x400 
                0x20001640                        . = ALIGN (0x8)

/DISCARD/
 libc.a(*)
 libm.a(*)
 libgcc.a(*)

.ARM.attributes
                0x00000000       0x29
 *(.ARM.attributes)
 .ARM.attributes
                0x00000000       0x1d C:/ST/STM32CubeIDE_1.16.1/STM32CubeIDE/plugins/com.st.stm32cube.ide.mcu.externaltools.gnu-tools-for-stm32.12.3.rel1.win32_1.0.200.202406191623/tools/bin/../lib/gcc/arm-none-eabi/12.3.1/thumb/v7-m/nofp/crti.o
 .ARM.attributes
                0x0000001d       0x2d C:/ST/STM32CubeIDE_1.16.1/STM32CubeIDE/plugins/com.st.stm32cube.ide.mcu.externaltools.gnu-tools-for-stm32.12.3.rel1.win32_1.0.200.202406191623/tools/bin/../lib/gcc/arm-none-eabi/12.3.1/thumb/v7-m/nofp/crtbegin.o
 .ARM.attributes
                0x0000004a       0x2d ./Core/Src/freertos.o
 .ARM.attributes
                0x00000077       0x2d ./Core/Src/main.o
 .ARM.attributes
                0x000000a4       0x2d ./Core/Src/stm32f1xx_hal_msp.o
 .ARM.attributes
                0x000000d1       0x2d ./Core/Src/stm32f1xx_hal_timebase_tim.o
 .ARM.attributes
                0x000000fe       0x2d ./Core/Src/stm32f1xx_it.o
 .ARM.attributes
                0x0000012b       0x2d ./Core/Src/system_stm32f1xx.o
 .ARM.attributes
                0x00000158       0x21 ./Core/Startup/startup_stm32f103c6tx.o
 .ARM.attributes
                0x00000179       0x2d ./Drivers/STM32F1xx_HAL_Driver/Src/stm32f1xx_hal.o
 .ARM.attributes
                0x000001a6       0x2d ./Drivers/STM32F1xx_HAL_Driver/Src/stm32f1xx_hal_cortex.o
 .ARM.attributes
                0x000001d3       0x2d ./Drivers/STM32F1xx_HAL_Driver/Src/stm32f1xx_hal_gpio.o
 .ARM.attributes
                0x00000200       0x2d ./Drivers/STM32F1xx_HAL_Driver/Src/stm32f1xx_hal_rcc.o
 .ARM.attributes
                0x0000022d       0x2d ./Drivers/STM32F1xx_HAL_Driver/Src/stm32f1xx_hal_tim.o
 .ARM.attributes
                0x0000025a       0x2d ./Drivers/STM32F1xx_HAL_Driver/Src/stm32f1xx_hal_tim_ex.o
 .ARM.attributes
                0x00000287       0x2d ./Middlewares/Third_Party/FreeRTOS/Source/CMSIS_RTOS/cmsis_os.o
 .ARM.attributes
                0x000002b4       0x2d ./Middlewares/Third_Party/FreeRTOS/Source/list.o
 .ARM.attributes
                0x000002e1       0x2d ./Middlewares/Third_Party/FreeRTOS/Source/queue.o
 .ARM.attributes
                0x0000030e       0x2d ./Middlewares/Third_Party/FreeRTOS/Source/tasks.o
 .ARM.attributes
                0x0000033b       0x2d ./Middlewares/Third_Party/FreeRTOS/Source/portable/GCC/ARM_CM3/port.o
 .ARM.attributes
                0x00000368       0x2d ./Middlewares/Third_Party/FreeRTOS/Source/portable/MemMang/heap_4.o
 .ARM.attributes
                0x00000395       0x2d C:/ST/STM32CubeIDE_1.16.1/STM32CubeIDE/plugins/com.st.stm32cube.ide.mcu.externaltools.gnu-tools-for-stm32.12.3.rel1.win32_1.0.200.202406191623/tools/bin/../lib/gcc/arm-none-eabi/12.3.1/../../../../arm-none-eabi/lib/thumb/v7-m/nofp\libc_nano.a(libc_a-memset.o)
 .ARM.attributes
                0x000003c2       0x2d C:/ST/STM32CubeIDE_1.16.1/STM32CubeIDE/plugins/com.st.stm32cube.ide.mcu.externaltools.gnu-tools-for-stm32.12.3.rel1.win32_1.0.200.202406191623/tools/bin/../lib/gcc/arm-none-eabi/12.3.1/../../../../arm-none-eabi/lib/thumb/v7-m/nofp\libc_nano.a(libc_a-init.o)
 .ARM.attributes
                0x000003ef       0x2d C:/ST/STM32CubeIDE_1.16.1/STM32CubeIDE/plugins/com.st.stm32cube.ide.mcu.externaltools.gnu-tools-for-stm32.12.3.rel1.win32_1.0.200.202406191623/tools/bin/../lib/gcc/arm-none-eabi/12.3.1/../../../../arm-none-eabi/lib/thumb/v7-m/nofp\libc_nano.a(libc_a-memcpy-stub.o)
 .ARM.attributes
                0x0000041c       0x1d C:/ST/STM32CubeIDE_1.16.1/STM32CubeIDE/plugins/com.st.stm32cube.ide.mcu.externaltools.gnu-tools-for-stm32.12.3.rel1.win32_1.0.200.202406191623/tools/bin/../lib/gcc/arm-none-eabi/12.3.1/thumb/v7-m/nofp/crtn.o
OUTPUT(exercise 8.elf elf32-littlearm)
LOAD linker stubs
LOAD C:/ST/STM32CubeIDE_1.16.1/STM32CubeIDE/plugins/com.st.stm32cube.ide.mcu.externaltools.gnu-tools-for-stm32.12.3.rel1.win32_1.0.200.202406191623/tools/bin/../lib/gcc/arm-none-eabi/12.3.1/../../../../arm-none-eabi/lib/thumb/v7-m/nofp\libc.a
LOAD C:/ST/STM32CubeIDE_1.16.1/STM32CubeIDE/plugins/com.st.stm32cube.ide.mcu.externaltools.gnu-tools-for-stm32.12.3.rel1.win32_1.0.200.202406191623/tools/bin/../lib/gcc/arm-none-eabi/12.3.1/../../../../arm-none-eabi/lib/thumb/v7-m/nofp\libm.a
LOAD C:/ST/STM32CubeIDE_1.16.1/STM32CubeIDE/plugins/com.st.stm32cube.ide.mcu.externaltools.gnu-tools-for-stm32.12.3.rel1.win32_1.0.200.202406191623/tools/bin/../lib/gcc/arm-none-eabi/12.3.1/thumb/v7-m/nofp\libgcc.a

.debug_info     0x00000000     0xe26f
 .debug_info    0x00000000      0x279 ./Core/Src/freertos.o
 .debug_info    0x00000279     0x11be ./Core/Src/main.o
 .debug_info    0x00001437      0x343 ./Core/Src/stm32f1xx_hal_msp.o
 .debug_info    0x0000177a      0x98a ./Core/Src/stm32f1xx_hal_timebase_tim.o
 .debug_info    0x00002104      0x66a ./Core/Src/stm32f1xx_it.o
 .debug_info    0x0000276e      0x222 ./Core/Src/system_stm32f1xx.o
 .debug_info    0x00002990       0x30 ./Core/Startup/startup_stm32f103c6tx.o
 .debug_info    0x000029c0      0x6e6 ./Drivers/STM32F1xx_HAL_Driver/Src/stm32f1xx_hal.o
 .debug_info    0x000030a6      0xa69 ./Drivers/STM32F1xx_HAL_Driver/Src/stm32f1xx_hal_cortex.o
 .debug_info    0x00003b0f      0x5ab ./Drivers/STM32F1xx_HAL_Driver/Src/stm32f1xx_hal_gpio.o
 .debug_info    0x000040ba      0x7d5 ./Drivers/STM32F1xx_HAL_Driver/Src/stm32f1xx_hal_rcc.o
 .debug_info    0x0000488f     0x2959 ./Drivers/STM32F1xx_HAL_Driver/Src/stm32f1xx_hal_tim.o
 .debug_info    0x000071e8     0x149b ./Drivers/STM32F1xx_HAL_Driver/Src/stm32f1xx_hal_tim_ex.o
 .debug_info    0x00008683     0x1b60 ./Middlewares/Third_Party/FreeRTOS/Source/CMSIS_RTOS/cmsis_os.o
 .debug_info    0x0000a1e3      0x2af ./Middlewares/Third_Party/FreeRTOS/Source/list.o
 .debug_info    0x0000a492     0x17cd ./Middlewares/Third_Party/FreeRTOS/Source/queue.o
 .debug_info    0x0000bc5f     0x1ca7 ./Middlewares/Third_Party/FreeRTOS/Source/tasks.o
 .debug_info    0x0000d906      0x494 ./Middlewares/Third_Party/FreeRTOS/Source/portable/GCC/ARM_CM3/port.o
 .debug_info    0x0000dd9a      0x4d5 ./Middlewares/Third_Party/FreeRTOS/Source/portable/MemMang/heap_4.o

.debug_abbrev   0x00000000     0x2836
 .debug_abbrev  0x00000000       0xd2 ./Core/Src/freertos.o
 .debug_abbrev  0x000000d2      0x2e8 ./Core/Src/main.o
 .debug_abbrev  0x000003ba      0x11c ./Core/Src/stm32f1xx_hal_msp.o
 .debug_abbrev  0x000004d6      0x1f3 ./Core/Src/stm32f1xx_hal_timebase_tim.o
 .debug_abbrev  0x000006c9      0x17c ./Core/Src/stm32f1xx_it.o
 .debug_abbrev  0x00000845      0x13f ./Core/Src/system_stm32f1xx.o
 .debug_abbrev  0x00000984       0x24 ./Core/Startup/startup_stm32f103c6tx.o
 .debug_abbrev  0x000009a8      0x201 ./Drivers/STM32F1xx_HAL_Driver/Src/stm32f1xx_hal.o
 .debug_abbrev  0x00000ba9      0x2f8 ./Drivers/STM32F1xx_HAL_Driver/Src/stm32f1xx_hal_cortex.o
 .debug_abbrev  0x00000ea1      0x1ca ./Drivers/STM32F1xx_HAL_Driver/Src/stm32f1xx_hal_gpio.o
 .debug_abbrev  0x0000106b      0x2b3 ./Drivers/STM32F1xx_HAL_Driver/Src/stm32f1xx_hal_rcc.o
 .debug_abbrev  0x0000131e      0x277 ./Drivers/STM32F1xx_HAL_Driver/Src/stm32f1xx_hal_tim.o
 .debug_abbrev  0x00001595      0x282 ./Drivers/STM32F1xx_HAL_Driver/Src/stm32f1xx_hal_tim_ex.o
 .debug_abbrev  0x00001817      0x3a7 ./Middlewares/Third_Party/FreeRTOS/Source/CMSIS_RTOS/cmsis_os.o
 .debug_abbrev  0x00001bbe       0xf5 ./Middlewares/Third_Party/FreeRTOS/Source/list.o
 .debug_abbrev  0x00001cb3      0x3b5 ./Middlewares/Third_Party/FreeRTOS/Source/queue.o
 .debug_abbrev  0x00002068      0x359 ./Middlewares/Third_Party/FreeRTOS/Source/tasks.o
 .debug_abbrev  0x000023c1      0x258 ./Middlewares/Third_Party/FreeRTOS/Source/portable/GCC/ARM_CM3/port.o
 .debug_abbrev  0x00002619      0x21d ./Middlewares/Third_Party/FreeRTOS/Source/portable/MemMang/heap_4.o

.debug_aranges  0x00000000      0xf20
 .debug_aranges
                0x00000000       0x20 ./Core/Src/freertos.o
 .debug_aranges
                0x00000020       0x68 ./Core/Src/main.o
 .debug_aranges
                0x00000088       0x20 ./Core/Src/stm32f1xx_hal_msp.o
 .debug_aranges
                0x000000a8       0x30 ./Core/Src/stm32f1xx_hal_timebase_tim.o
 .debug_aranges
                0x000000d8       0x50 ./Core/Src/stm32f1xx_it.o
 .debug_aranges
                0x00000128       0x28 ./Core/Src/system_stm32f1xx.o
 .debug_aranges
                0x00000150       0x28 ./Core/Startup/startup_stm32f103c6tx.o
 .debug_aranges
                0x00000178       0xe0 ./Drivers/STM32F1xx_HAL_Driver/Src/stm32f1xx_hal.o
 .debug_aranges
                0x00000258      0x100 ./Drivers/STM32F1xx_HAL_Driver/Src/stm32f1xx_hal_cortex.o
 .debug_aranges
                0x00000358       0x58 ./Drivers/STM32F1xx_HAL_Driver/Src/stm32f1xx_hal_gpio.o
 .debug_aranges
                0x000003b0       0x90 ./Drivers/STM32F1xx_HAL_Driver/Src/stm32f1xx_hal_rcc.o
 .debug_aranges
                0x00000440      0x3d0 ./Drivers/STM32F1xx_HAL_Driver/Src/stm32f1xx_hal_tim.o
 .debug_aranges
                0x00000810      0x168 ./Drivers/STM32F1xx_HAL_Driver/Src/stm32f1xx_hal_tim_ex.o
 .debug_aranges
                0x00000978      0x1d8 ./Middlewares/Third_Party/FreeRTOS/Source/CMSIS_RTOS/cmsis_os.o
 .debug_aranges
                0x00000b50       0x40 ./Middlewares/Third_Party/FreeRTOS/Source/list.o
 .debug_aranges
                0x00000b90      0x108 ./Middlewares/Third_Party/FreeRTOS/Source/queue.o
 .debug_aranges
                0x00000c98      0x1b8 ./Middlewares/Third_Party/FreeRTOS/Source/tasks.o
 .debug_aranges
                0x00000e50       0x78 ./Middlewares/Third_Party/FreeRTOS/Source/portable/GCC/ARM_CM3/port.o
 .debug_aranges
                0x00000ec8       0x58 ./Middlewares/Third_Party/FreeRTOS/Source/portable/MemMang/heap_4.o

.debug_rnglists
                0x00000000      0xb9e
 .debug_rnglists
                0x00000000       0x13 ./Core/Src/freertos.o
 .debug_rnglists
                0x00000013       0x4c ./Core/Src/main.o
 .debug_rnglists
                0x0000005f       0x13 ./Core/Src/stm32f1xx_hal_msp.o
 .debug_rnglists
                0x00000072       0x20 ./Core/Src/stm32f1xx_hal_timebase_tim.o
 .debug_rnglists
                0x00000092       0x37 ./Core/Src/stm32f1xx_it.o
 .debug_rnglists
                0x000000c9       0x1a ./Core/Src/system_stm32f1xx.o
 .debug_rnglists
                0x000000e3       0x19 ./Core/Startup/startup_stm32f103c6tx.o
 .debug_rnglists
                0x000000fc       0xa3 ./Drivers/STM32F1xx_HAL_Driver/Src/stm32f1xx_hal.o
 .debug_rnglists
                0x0000019f       0xbb ./Drivers/STM32F1xx_HAL_Driver/Src/stm32f1xx_hal_cortex.o
 .debug_rnglists
                0x0000025a       0x3f ./Drivers/STM32F1xx_HAL_Driver/Src/stm32f1xx_hal_gpio.o
 .debug_rnglists
                0x00000299       0x6c ./Drivers/STM32F1xx_HAL_Driver/Src/stm32f1xx_hal_rcc.o
 .debug_rnglists
                0x00000305      0x31a ./Drivers/STM32F1xx_HAL_Driver/Src/stm32f1xx_hal_tim.o
 .debug_rnglists
                0x0000061f      0x125 ./Drivers/STM32F1xx_HAL_Driver/Src/stm32f1xx_hal_tim_ex.o
 .debug_rnglists
                0x00000744      0x16a ./Middlewares/Third_Party/FreeRTOS/Source/CMSIS_RTOS/cmsis_os.o
 .debug_rnglists
                0x000008ae       0x2b ./Middlewares/Third_Party/FreeRTOS/Source/list.o
 .debug_rnglists
                0x000008d9       0xcd ./Middlewares/Third_Party/FreeRTOS/Source/queue.o
 .debug_rnglists
                0x000009a6      0x15f ./Middlewares/Third_Party/FreeRTOS/Source/tasks.o
 .debug_rnglists
                0x00000b05       0x57 ./Middlewares/Third_Party/FreeRTOS/Source/portable/GCC/ARM_CM3/port.o
 .debug_rnglists
                0x00000b5c       0x42 ./Middlewares/Third_Party/FreeRTOS/Source/portable/MemMang/heap_4.o

.debug_macro    0x00000000    0x180aa
 .debug_macro   0x00000000      0x20e ./Core/Src/freertos.o
 .debug_macro   0x0000020e      0xaa8 ./Core/Src/freertos.o
 .debug_macro   0x00000cb6      0x189 ./Core/Src/freertos.o
 .debug_macro   0x00000e3f       0x22 ./Core/Src/freertos.o
 .debug_macro   0x00000e61       0x8e ./Core/Src/freertos.o
 .debug_macro   0x00000eef       0x51 ./Core/Src/freertos.o
 .debug_macro   0x00000f40      0x103 ./Core/Src/freertos.o
 .debug_macro   0x00001043       0x6a ./Core/Src/freertos.o
 .debug_macro   0x000010ad      0x1df ./Core/Src/freertos.o
 .debug_macro   0x0000128c       0xd6 ./Core/Src/freertos.o
 .debug_macro   0x00001362      0x15a ./Core/Src/freertos.o
 .debug_macro   0x000014bc       0xde ./Core/Src/freertos.o
 .debug_macro   0x0000159a       0x1c ./Core/Src/freertos.o
 .debug_macro   0x000015b6       0x26 ./Core/Src/freertos.o
 .debug_macro   0x000015dc      0x519 ./Core/Src/freertos.o
 .debug_macro   0x00001af5       0xb5 ./Core/Src/freertos.o
 .debug_macro   0x00001baa       0xaa ./Core/Src/freertos.o
 .debug_macro   0x00001c54      0x215 ./Core/Src/freertos.o
 .debug_macro   0x00001e69       0x2e ./Core/Src/freertos.o
 .debug_macro   0x00001e97       0x22 ./Core/Src/freertos.o
 .debug_macro   0x00001eb9       0x1c ./Core/Src/freertos.o
 .debug_macro   0x00001ed5       0x22 ./Core/Src/freertos.o
 .debug_macro   0x00001ef7       0xbd ./Core/Src/freertos.o
 .debug_macro   0x00001fb4      0xd23 ./Core/Src/freertos.o
 .debug_macro   0x00002cd7     0xde75 ./Core/Src/freertos.o
 .debug_macro   0x00010b4c       0x6d ./Core/Src/freertos.o
 .debug_macro   0x00010bb9     0x34a2 ./Core/Src/freertos.o
 .debug_macro   0x0001405b       0x5c ./Core/Src/freertos.o
 .debug_macro   0x000140b7      0x5bc ./Core/Src/freertos.o
 .debug_macro   0x00014673      0x1b7 ./Core/Src/freertos.o
 .debug_macro   0x0001482a      0x1cb ./Core/Src/freertos.o
 .debug_macro   0x000149f5      0x114 ./Core/Src/freertos.o
 .debug_macro   0x00014b09      0x1b2 ./Core/Src/freertos.o
 .debug_macro   0x00014cbb       0x27 ./Core/Src/freertos.o
 .debug_macro   0x00014ce2      0x12f ./Core/Src/freertos.o
 .debug_macro   0x00014e11      0x1bc ./Core/Src/freertos.o
 .debug_macro   0x00014fcd       0x34 ./Core/Src/freertos.o
 .debug_macro   0x00015001       0x3c ./Core/Src/freertos.o
 .debug_macro   0x0001503d       0x57 ./Core/Src/freertos.o
 .debug_macro   0x00015094       0x87 ./Core/Src/freertos.o
 .debug_macro   0x0001511b      0x183 ./Core/Src/freertos.o
 .debug_macro   0x0001529e      0x140 ./Core/Src/freertos.o
 .debug_macro   0x000153de      0x8ed ./Core/Src/freertos.o
 .debug_macro   0x00015ccb       0x69 ./Core/Src/freertos.o
 .debug_macro   0x00015d34       0x34 ./Core/Src/freertos.o
 .debug_macro   0x00015d68      0x259 ./Core/Src/main.o
 .debug_macro   0x00015fc1       0xd6 ./Core/Src/main.o
 .debug_macro   0x00016097       0x91 ./Core/Src/main.o
 .debug_macro   0x00016128       0x8d ./Core/Src/main.o
 .debug_macro   0x000161b5       0x7e ./Core/Src/main.o
 .debug_macro   0x00016233       0x19 ./Core/Src/main.o
 .debug_macro   0x0001624c       0xf2 ./Core/Src/main.o
 .debug_macro   0x0001633e      0x1a6 ./Core/Src/stm32f1xx_hal_msp.o
 .debug_macro   0x000164e4      0x197 ./Core/Src/stm32f1xx_hal_timebase_tim.o
 .debug_macro   0x0001667b      0x1b0 ./Core/Src/stm32f1xx_it.o
 .debug_macro   0x0001682b      0x197 ./Core/Src/system_stm32f1xx.o
 .debug_macro   0x000169c2      0x1bb ./Drivers/STM32F1xx_HAL_Driver/Src/stm32f1xx_hal.o
 .debug_macro   0x00016b7d      0x197 ./Drivers/STM32F1xx_HAL_Driver/Src/stm32f1xx_hal_cortex.o
 .debug_macro   0x00016d14      0x202 ./Drivers/STM32F1xx_HAL_Driver/Src/stm32f1xx_hal_gpio.o
 .debug_macro   0x00016f16      0x1a9 ./Drivers/STM32F1xx_HAL_Driver/Src/stm32f1xx_hal_rcc.o
 .debug_macro   0x000170bf      0x198 ./Drivers/STM32F1xx_HAL_Driver/Src/stm32f1xx_hal_tim.o
 .debug_macro   0x00017257      0x197 ./Drivers/STM32F1xx_HAL_Driver/Src/stm32f1xx_hal_tim_ex.o
 .debug_macro   0x000173ee      0x1fe ./Middlewares/Third_Party/FreeRTOS/Source/CMSIS_RTOS/cmsis_os.o
 .debug_macro   0x000175ec       0x10 ./Middlewares/Third_Party/FreeRTOS/Source/CMSIS_RTOS/cmsis_os.o
 .debug_macro   0x000175fc       0x20 ./Middlewares/Third_Party/FreeRTOS/Source/CMSIS_RTOS/cmsis_os.o
 .debug_macro   0x0001761c       0xab ./Middlewares/Third_Party/FreeRTOS/Source/CMSIS_RTOS/cmsis_os.o
 .debug_macro   0x000176c7      0x187 ./Middlewares/Third_Party/FreeRTOS/Source/list.o
 .debug_macro   0x0001784e      0x216 ./Middlewares/Third_Party/FreeRTOS/Source/queue.o
 .debug_macro   0x00017a64       0x16 ./Middlewares/Third_Party/FreeRTOS/Source/queue.o
 .debug_macro   0x00017a7a       0x87 ./Middlewares/Third_Party/FreeRTOS/Source/queue.o
 .debug_macro   0x00017b01      0x279 ./Middlewares/Third_Party/FreeRTOS/Source/tasks.o
 .debug_macro   0x00017d7a       0x10 ./Middlewares/Third_Party/FreeRTOS/Source/tasks.o
 .debug_macro   0x00017d8a      0x172 ./Middlewares/Third_Party/FreeRTOS/Source/portable/GCC/ARM_CM3/port.o
 .debug_macro   0x00017efc      0x1ae ./Middlewares/Third_Party/FreeRTOS/Source/portable/MemMang/heap_4.o

.debug_line     0x00000000    0x10465
 .debug_line    0x00000000      0x7ea ./Core/Src/freertos.o
 .debug_line    0x000007ea      0xa5e ./Core/Src/main.o
 .debug_line    0x00001248      0x6ef ./Core/Src/stm32f1xx_hal_msp.o
 .debug_line    0x00001937      0x769 ./Core/Src/stm32f1xx_hal_timebase_tim.o
 .debug_line    0x000020a0      0x789 ./Core/Src/stm32f1xx_it.o
 .debug_line    0x00002829      0x76b ./Core/Src/system_stm32f1xx.o
 .debug_line    0x00002f94       0x78 ./Core/Startup/startup_stm32f103c6tx.o
 .debug_line    0x0000300c      0x998 ./Drivers/STM32F1xx_HAL_Driver/Src/stm32f1xx_hal.o
 .debug_line    0x000039a4      0xb84 ./Drivers/STM32F1xx_HAL_Driver/Src/stm32f1xx_hal_cortex.o
 .debug_line    0x00004528      0xa1c ./Drivers/STM32F1xx_HAL_Driver/Src/stm32f1xx_hal_gpio.o
 .debug_line    0x00004f44      0xda1 ./Drivers/STM32F1xx_HAL_Driver/Src/stm32f1xx_hal_rcc.o
 .debug_line    0x00005ce5     0x3474 ./Drivers/STM32F1xx_HAL_Driver/Src/stm32f1xx_hal_tim.o
 .debug_line    0x00009159     0x18b7 ./Drivers/STM32F1xx_HAL_Driver/Src/stm32f1xx_hal_tim_ex.o
 .debug_line    0x0000aa10     0x1265 ./Middlewares/Third_Party/FreeRTOS/Source/CMSIS_RTOS/cmsis_os.o
 .debug_line    0x0000bc75      0x795 ./Middlewares/Third_Party/FreeRTOS/Source/list.o
 .debug_line    0x0000c40a     0x1516 ./Middlewares/Third_Party/FreeRTOS/Source/queue.o
 .debug_line    0x0000d920     0x19ac ./Middlewares/Third_Party/FreeRTOS/Source/tasks.o
 .debug_line    0x0000f2cc      0x7da ./Middlewares/Third_Party/FreeRTOS/Source/portable/GCC/ARM_CM3/port.o
 .debug_line    0x0000faa6      0x9bf ./Middlewares/Third_Party/FreeRTOS/Source/portable/MemMang/heap_4.o

.debug_str      0x00000000    0x8e17f
 .debug_str     0x00000000    0x8330e ./Core/Src/freertos.o
                              0x8367a (size before relaxing)
 .debug_str     0x0008330e     0x2d99 ./Core/Src/main.o
                              0x8645a (size before relaxing)
 .debug_str     0x000860a7      0x2a3 ./Core/Src/stm32f1xx_hal_msp.o
                              0x7fa90 (size before relaxing)
 .debug_str     0x0008634a      0x11a ./Core/Src/stm32f1xx_hal_timebase_tim.o
                              0x7ffc3 (size before relaxing)
 .debug_str     0x00086464       0xb5 ./Core/Src/stm32f1xx_it.o
                              0x7fca5 (size before relaxing)
 .debug_str     0x00086519       0x7e ./Core/Src/system_stm32f1xx.o
                              0x7f735 (size before relaxing)
 .debug_str     0x00086597       0x44 ./Core/Startup/startup_stm32f103c6tx.o
                                 0x71 (size before relaxing)
 .debug_str     0x000865db      0x34a ./Drivers/STM32F1xx_HAL_Driver/Src/stm32f1xx_hal.o
                              0x7fe2e (size before relaxing)
 .debug_str     0x00086925      0x295 ./Drivers/STM32F1xx_HAL_Driver/Src/stm32f1xx_hal_cortex.o
                              0x7fd7a (size before relaxing)
 .debug_str     0x00086bba      0x2e3 ./Drivers/STM32F1xx_HAL_Driver/Src/stm32f1xx_hal_gpio.o
                              0x7fabb (size before relaxing)
 .debug_str     0x00086e9d      0x1f3 ./Drivers/STM32F1xx_HAL_Driver/Src/stm32f1xx_hal_rcc.o
                              0x7fb64 (size before relaxing)
 .debug_str     0x00087090      0xe79 ./Drivers/STM32F1xx_HAL_Driver/Src/stm32f1xx_hal_tim.o
                              0x80b66 (size before relaxing)
 .debug_str     0x00087f09      0x503 ./Drivers/STM32F1xx_HAL_Driver/Src/stm32f1xx_hal_tim_ex.o
                              0x80372 (size before relaxing)
 .debug_str     0x0008840c     0x3a99 ./Middlewares/Third_Party/FreeRTOS/Source/CMSIS_RTOS/cmsis_os.o
                               0xe597 (size before relaxing)
 .debug_str     0x0008bea5      0x20f ./Middlewares/Third_Party/FreeRTOS/Source/list.o
                               0xaa97 (size before relaxing)
 .debug_str     0x0008c0b4      0x7ed ./Middlewares/Third_Party/FreeRTOS/Source/queue.o
                               0xc42a (size before relaxing)
 .debug_str     0x0008c8a1      0xf43 ./Middlewares/Third_Party/FreeRTOS/Source/tasks.o
                               0xce02 (size before relaxing)
 .debug_str     0x0008d7e4      0x66e ./Middlewares/Third_Party/FreeRTOS/Source/portable/GCC/ARM_CM3/port.o
                               0x85dc (size before relaxing)
 .debug_str     0x0008de52      0x32d ./Middlewares/Third_Party/FreeRTOS/Source/portable/MemMang/heap_4.o
                               0xb3d9 (size before relaxing)

.comment        0x00000000       0x43
 .comment       0x00000000       0x43 ./Core/Src/freertos.o
                                 0x44 (size before relaxing)
 .comment       0x00000043       0x44 ./Core/Src/main.o
 .comment       0x00000043       0x44 ./Core/Src/stm32f1xx_hal_msp.o
 .comment       0x00000043       0x44 ./Core/Src/stm32f1xx_hal_timebase_tim.o
 .comment       0x00000043       0x44 ./Core/Src/stm32f1xx_it.o
 .comment       0x00000043       0x44 ./Core/Src/system_stm32f1xx.o
 .comment       0x00000043       0x44 ./Drivers/STM32F1xx_HAL_Driver/Src/stm32f1xx_hal.o
 .comment       0x00000043       0x44 ./Drivers/STM32F1xx_HAL_Driver/Src/stm32f1xx_hal_cortex.o
 .comment       0x00000043       0x44 ./Drivers/STM32F1xx_HAL_Driver/Src/stm32f1xx_hal_gpio.o
 .comment       0x00000043       0x44 ./Drivers/STM32F1xx_HAL_Driver/Src/stm32f1xx_hal_rcc.o
 .comment       0x00000043       0x44 ./Drivers/STM32F1xx_HAL_Driver/Src/stm32f1xx_hal_tim.o
 .comment       0x00000043       0x44 ./Drivers/STM32F1xx_HAL_Driver/Src/stm32f1xx_hal_tim_ex.o
 .comment       0x00000043       0x44 ./Middlewares/Third_Party/FreeRTOS/Source/CMSIS_RTOS/cmsis_os.o
 .comment       0x00000043       0x44 ./Middlewares/Third_Party/FreeRTOS/Source/list.o
 .comment       0x00000043       0x44 ./Middlewares/Third_Party/FreeRTOS/Source/queue.o
 .comment       0x00000043       0x44 ./Middlewares/Third_Party/FreeRTOS/Source/tasks.o
 .comment       0x00000043       0x44 ./Middlewares/Third_Party/FreeRTOS/Source/portable/GCC/ARM_CM3/port.o
 .comment       0x00000043       0x44 ./Middlewares/Third_Party/FreeRTOS/Source/portable/MemMang/heap_4.o

.debug_frame    0x00000000     0x3e00
 .debug_frame   0x00000000       0x38 ./Core/Src/freertos.o
 .debug_frame   0x00000038      0x154 ./Core/Src/main.o
 .debug_frame   0x0000018c       0x34 ./Core/Src/stm32f1xx_hal_msp.o
 .debug_frame   0x000001c0       0x74 ./Core/Src/stm32f1xx_hal_timebase_tim.o
 .debug_frame   0x00000234       0xc4 ./Core/Src/stm32f1xx_it.o
 .debug_frame   0x000002f8       0x58 ./Core/Src/system_stm32f1xx.o
 .debug_frame   0x00000350      0x334 ./Drivers/STM32F1xx_HAL_Driver/Src/stm32f1xx_hal.o
 .debug_frame   0x00000684      0x428 ./Drivers/STM32F1xx_HAL_Driver/Src/stm32f1xx_hal_cortex.o
 .debug_frame   0x00000aac      0x14c ./Drivers/STM32F1xx_HAL_Driver/Src/stm32f1xx_hal_gpio.o
 .debug_frame   0x00000bf8      0x218 ./Drivers/STM32F1xx_HAL_Driver/Src/stm32f1xx_hal_rcc.o
 .debug_frame   0x00000e10     0x11b4 ./Drivers/STM32F1xx_HAL_Driver/Src/stm32f1xx_hal_tim.o
 .debug_frame   0x00001fc4      0x638 ./Drivers/STM32F1xx_HAL_Driver/Src/stm32f1xx_hal_tim_ex.o
 .debug_frame   0x000025fc      0x80c ./Middlewares/Third_Party/FreeRTOS/Source/CMSIS_RTOS/cmsis_os.o
 .debug_frame   0x00002e08       0xd8 ./Middlewares/Third_Party/FreeRTOS/Source/list.o
 .debug_frame   0x00002ee0      0x46c ./Middlewares/Third_Party/FreeRTOS/Source/queue.o
 .debug_frame   0x0000334c      0x77c ./Middlewares/Third_Party/FreeRTOS/Source/tasks.o
 .debug_frame   0x00003ac8      0x198 ./Middlewares/Third_Party/FreeRTOS/Source/portable/GCC/ARM_CM3/port.o
 .debug_frame   0x00003c60      0x12c ./Middlewares/Third_Party/FreeRTOS/Source/portable/MemMang/heap_4.o
 .debug_frame   0x00003d8c       0x20 C:/ST/STM32CubeIDE_1.16.1/STM32CubeIDE/plugins/com.st.stm32cube.ide.mcu.externaltools.gnu-tools-for-stm32.12.3.rel1.win32_1.0.200.202406191623/tools/bin/../lib/gcc/arm-none-eabi/12.3.1/../../../../arm-none-eabi/lib/thumb/v7-m/nofp\libc_nano.a(libc_a-memset.o)
 .debug_frame   0x00003dac       0x2c C:/ST/STM32CubeIDE_1.16.1/STM32CubeIDE/plugins/com.st.stm32cube.ide.mcu.externaltools.gnu-tools-for-stm32.12.3.rel1.win32_1.0.200.202406191623/tools/bin/../lib/gcc/arm-none-eabi/12.3.1/../../../../arm-none-eabi/lib/thumb/v7-m/nofp\libc_nano.a(libc_a-init.o)
 .debug_frame   0x00003dd8       0x28 C:/ST/STM32CubeIDE_1.16.1/STM32CubeIDE/plugins/com.st.stm32cube.ide.mcu.externaltools.gnu-tools-for-stm32.12.3.rel1.win32_1.0.200.202406191623/tools/bin/../lib/gcc/arm-none-eabi/12.3.1/../../../../arm-none-eabi/lib/thumb/v7-m/nofp\libc_nano.a(libc_a-memcpy-stub.o)

.debug_line_str
                0x00000000       0x55
 .debug_line_str
                0x00000000       0x55 ./Core/Startup/startup_stm32f103c6tx.o
