../Core/Src/main.c:64:6:AccessSharedData	8	static
../Core/Src/main.c:101:5:main	136	static
../Core/Src/main.c:190:6:SystemClock_Config	72	static
../Core/Src/main.c:230:13:MX_GPIO_Init	40	static
../Core/Src/main.c:277:6:StartDefaultTask	16	static
../Core/Src/main.c:295:6:greenLEDFlashing	16	static
../Core/Src/main.c:325:6:redLEDFlashing	16	static
../Core/Src/main.c:355:6:orangeLEDFlashing	16	static
../Core/Src/main.c:375:6:HAL_TIM_PeriodElapsedCallback	16	static
../Core/Src/main.c:392:6:Error_Handler	4	static,ignoring_inline_asm
